03c04a4df7e588bc3e0e8b0b6c55df7c * 000000000000007b ../specsum-testdata/test-specsha256sum.extout.01
03dd8807a93175fb062dfb55dc7d359c * 0000000000000070 ../specsum-testdata/test-specsum.in.08
03f30f1ed8d0f474c7f9b842ea3b45fc * 000000000000007b ../specsum-testdata/test-specsha256sum.in.expect1.02
043311b397a7c5c8d934cd968d0fee20 * 000000000000012e ../specsum-testdata/test-specsha512sum.out.expect1.07
06b130d5d61e925616efe65501f7d778 * 0000000000000068 ../specsum-testdata/dirlevel1/dirlevel2a/ggggggggggggggggggggggggggggggggggggggg
06b130d5d61e925616efe65501f7d778 * 0000000000000068 ../specsum-testdata/dirlevel1/gggggggggggggggggggggggggggggggggggggg
08722de335c4ade132fd3d2ef8594c68 * 0000000000000079 ../specsum-testdata/test-specsha256sum.in.expect0.12
0a244425d8bbeb60f1df9c779b5bf05d * 000000000000012e ../specsum-testdata/test-specsha256sum.out.expect1.07
0c3de7ba813abb50dd36f9f22d6fe25c * 0000000000000048 ../specsum-testdata/dirlevel1/dirlevel2/GGGGGG
0c3de7ba813abb50dd36f9f22d6fe25c * 0000000000000048 ../specsum-testdata/dirlevel1/dirlevel2a/GGGGGGG
0df6eb2e19462f23d02da2f2bfe3b47c * 000000000000004f ../specsum-testdata/dirlevel1/dirlevel2/NNNNNNNNNNNNN
0df6eb2e19462f23d02da2f2bfe3b47c * 000000000000004f ../specsum-testdata/dirlevel1/dirlevel2a/NNNNNNNNNNNNNN
0ea81d586df36e686b5529886616f9bf * 0000000000000063 ../specsum-testdata/test-specsha512sum.out.expect1.15
11f8d38fcd1d59c581563bf8f673bd73 * 000000000000005b ../specsum-testdata/test-specmd5sum.extout.06
135398e01b3e3f322bb67ce769be4482 * 00000000000000b7 ../specsum-testdata/test-specsha512sum.in.expect1.11
1773f4c39e4b22c56491e5e3ba34b475 * 000000000000007b ../specsum-testdata/test-specsha256sum.extout.03
19f61fc9db99e81fe66aea1e7df28978 * 000000000000004d ../specsum-testdata/dirlevel1/dirlevel2/LLLLLLLLLLL
19f61fc9db99e81fe66aea1e7df28978 * 000000000000004d ../specsum-testdata/dirlevel1/dirlevel2a/LLLLLLLLLLLL
1b54eaef7e506af042279e6f548beb0e * 0000000000000049 ../specsum-testdata/dirlevel1/dirlevel2/HHHHHHH
1b54eaef7e506af042279e6f548beb0e * 0000000000000049 ../specsum-testdata/dirlevel1/dirlevel2a/HHHHHHHH
1c4a245e2a93d7d48e20376863b97175 * 000000000000004e ../specsum-testdata/test-specsha256sum.in.expect1.15
21b369318bdccf2a89cfe6b45e5a7b59 * 00000000000000a9 ../specsum-testdata/test-specsha512sum.out.01
21d228274d3e76262d0114e035a818b8 * 0000000000000059 ../specsum-testdata/test-specmd5sum.in.expect0.04
21e2b651244dcfe3385ae425ca6d0a96 * 0000000000000047 ../specsum-testdata/dirlevel1/dirlevel2/FFFFF
21e2b651244dcfe3385ae425ca6d0a96 * 0000000000000047 ../specsum-testdata/dirlevel1/dirlevel2a/FFFFFF
22f388baa222655b5a565eb5b5826caa * 0000000000000069 ../specsum-testdata/test-specsha256sum.out.03
23581c0ad1f4f1540682668ef646bfe3 * 000000000000004b ../specsum-testdata/dirlevel1/dirlevel2/JJJJJJJJJ
23581c0ad1f4f1540682668ef646bfe3 * 000000000000004b ../specsum-testdata/dirlevel1/dirlevel2a/JJJJJJJJJJ
27f223138b254dd8d42508eb8d46fd8d * 00000000000000d0 ../specsum-testdata/test-specsha512sum.out.expect1.06
2958539f50501bb40b1384fc1869f7d5 * 0000000000000063 ../specsum-testdata/dirlevel1/bbbbbbbbbbbbbbbbbbbbbbbbbbbbbbbbb
2958539f50501bb40b1384fc1869f7d5 * 0000000000000063 ../specsum-testdata/dirlevel1/dirlevel2a/bbbbbbbbbbbbbbbbbbbbbbbbbbbbbbbbbb
2c669f316d4cdacb171c05a9f703de3b * 00000000000000bb ../specsum-testdata/test-specsha512sum.extout.04
2ca33c7fa69fb5d7930b411bc8e2d06d * 0000000000000069 ../specsum-testdata/test-specsha256sum.out.09
2dcffbed8cee3ff3252272935949f8a4 * 00000000000000a9 ../specsum-testdata/test-specsha512sum.out.05
312ce8e18fe0b7c8d921f4dcff6dd099 * 00000000000000a9 ../specsum-testdata/test-specsha512sum.out.04
32ef9d3622ea2025b05701ecbe3f3ab8 * 0000000000000058 ../specsum-testdata/dirlevel1/dirlevel2/WWWWWWWWWWWWWWWWWWWWWW
32ef9d3622ea2025b05701ecbe3f3ab8 * 0000000000000058 ../specsum-testdata/dirlevel1/dirlevel2a/WWWWWWWWWWWWWWWWWWWWWWW
331ca009b664acf17de72936ef1547fe * 0000000000000066 ../specsum-testdata/dirlevel1/dirlevel2a/eeeeeeeeeeeeeeeeeeeeeeeeeeeeeeeeeeeee
331ca009b664acf17de72936ef1547fe * 0000000000000066 ../specsum-testdata/dirlevel1/eeeeeeeeeeeeeeeeeeeeeeeeeeeeeeeeeeee
3352e841e4c7b633577adcb2fd00772a * 000000000000006c ../specsum-testdata/dirlevel1/dirlevel2a/kkkkkkkkkkkkkkkkkkkkkkkkkkkkkkkkkkkkkkkkkkk
3352e841e4c7b633577adcb2fd00772a * 000000000000006c ../specsum-testdata/dirlevel1/kkkkkkkkkkkkkkkkkkkkkkkkkkkkkkkkkkkkkkkkkk
33b9d337c20e758e9d233ebda5321e56 * 0000000000000069 ../specsum-testdata/test-specsha512sum.out.expect1.05
3494480d3e702ec905aae896de13fc29 * 0000000000000062 ../specsum-testdata/test-specsha512sum.out.expect1.01
3494480d3e702ec905aae896de13fc29 * 0000000000000062 ../specsum-testdata/test-specsha512sum.out.expect1.02
34b199f00b86be0b9bc31bfdf7f90502 * 00000000000000b9 ../specsum-testdata/test-specsha512sum.in.expect0.04
37fcac3086f52e7fb8592be801559be6 * 0000000000000063 ../specsum-testdata/test-specsha512sum.out.expect1.14
3a57d5610dde0e7eeb7b3ed0cf719d2c * 000000000000005b ../specsum-testdata/test-specmd5sum.extout.03
3c9cd8fd684f8271c6c3a416b82914aa * 000000000000005b ../specsum-testdata/test-specmd5sum.extout.04
3f81ee6091dc3f27712e3b7d207ae965 * 000000000000002b ../specsum-testdata/test-specmd5sum.out.expect0.09
3f81ee6091dc3f27712e3b7d207ae965 * 000000000000002b ../specsum-testdata/test-specmd5sum.out.expect0.12
3f81ee6091dc3f27712e3b7d207ae965 * 000000000000002b ../specsum-testdata/test-specsha256sum.out.expect0.09
3f81ee6091dc3f27712e3b7d207ae965 * 000000000000002b ../specsum-testdata/test-specsha256sum.out.expect0.12
3f81ee6091dc3f27712e3b7d207ae965 * 000000000000002b ../specsum-testdata/test-specsha512sum.out.expect0.09
3f81ee6091dc3f27712e3b7d207ae965 * 000000000000002b ../specsum-testdata/test-specsha512sum.out.expect0.12
4051619927fc1a44d5fdf46ebfe67341 * 0000000000000061 ../specsum-testdata/test-specmd5sum.in.expect1.10
41bfaf0c82f4e36b010de479ddf24711 * 0000000000000067 ../specsum-testdata/dirlevel1/dirlevel2a/ffffffffffffffffffffffffffffffffffffff
41bfaf0c82f4e36b010de479ddf24711 * 0000000000000067 ../specsum-testdata/dirlevel1/fffffffffffffffffffffffffffffffffffff
441135740a042d5cf8d88f0a0be2cb23 * 0000000000000063 ../specsum-testdata/test-specsha256sum.out.expect1.11
46a1e7dec549f5c7d1fb28951ee376ad * 000000000000007b ../specsum-testdata/test-specsha256sum.extout.02
46e1327471d2dff1cc3cbc480d394d6e * 00000000000000bb ../specsum-testdata/test-specsha512sum.in.expect1.02
47b03e178f52c1cab663454267edea85 * 00000000000000b9 ../specsum-testdata/test-specsha512sum.in.expect0.12
47d4d7cdb1e6e5fc76df549afda7d27c * 0000000000000162 ../specsum-testdata/test-specsha512sum.in.expect1.06
48a132a858126c05762b02b2f2eb592a * 000000000000005a ../specsum-testdata/test-specmd5sum.out.expect1.11
497583b646ced856fe07350d091e5cf6 * 0000000000000072 ../specsum-testdata/dirlevel1/dirlevel2a/qqqqqqqqqqqqqqqqqqqqqqqqqqqqqqqqqqqqqqqqqqqqqqqqq
497583b646ced856fe07350d091e5cf6 * 0000000000000072 ../specsum-testdata/dirlevel1/qqqqqqqqqqqqqqqqqqqqqqqqqqqqqqqqqqqqqqqqqqqqqqqq
49fc64052d90523425fe23b831eeffd5 * 000000000000006d ../specsum-testdata/dirlevel1/dirlevel2a/llllllllllllllllllllllllllllllllllllllllllll
49fc64052d90523425fe23b831eeffd5 * 000000000000006d ../specsum-testdata/dirlevel1/lllllllllllllllllllllllllllllllllllllllllll
4a76f920610c9d9d3654ecfd488c9106 * 0000000000000063 ../specsum-testdata/test-specsha512sum.out.expect1.11
4a99269395a05fdcc683c06b0ebb6fd0 * 0000000000000066 ../specsum-testdata/test-specmd5sum.out.expect1.05
4d364f2c75513bed43c029275ed4d52d * 00000000000000d0 ../specsum-testdata/test-specsha256sum.out.expect1.06
4e416e8aad3e5ce7af1159266da32bdb * 0000000000000059 ../specsum-testdata/test-specmd5sum.in.expect1.05
50550e6615e00e9b503610809fc3e606 * 0000000000000049 ../specsum-testdata/test-specmd5sum.out.01
511dae65f02cfef047e1ad7ff9637f82 * 000000000000005b ../specsum-testdata/test-specmd5sum.extout.07
5285e7aa6680b22ab745efd396e7ef9d * 000000000000007b ../specsum-testdata/test-specsha256sum.extout.06
53f748f3af55e8a8a09ce10c69262462 * 0000000000000079 ../specsum-testdata/dirlevel1/dirlevel2a/xxxxxxxxxxxxxxxxxxxxxxxxxxxxxxxxxxxxxxxxxxxxxxxxxxxxxxxx
53f748f3af55e8a8a09ce10c69262462 * 0000000000000079 ../specsum-testdata/dirlevel1/xxxxxxxxxxxxxxxxxxxxxxxxxxxxxxxxxxxxxxxxxxxxxxxxxxxxxxx
5713101a2d5fe8138104c166d294da31 * 0000000000000058 ../specsum-testdata/test-specmd5sum.in.expect0.09
571c6c26fcfb7745a632a0d8e15c0962 * 0000000000000064 ../specsum-testdata/dirlevel1/cccccccccccccccccccccccccccccccccc
571c6c26fcfb7745a632a0d8e15c0962 * 0000000000000064 ../specsum-testdata/dirlevel1/dirlevel2a/ccccccccccccccccccccccccccccccccccc
57edf4a22be3c955ac49da2e2107b67a * 0000000000000050 ../specsum-testdata/test-specsum.in.06
5889e2dddf9ab4a09966fc4bc87d47e2 * 0000000000000069 ../specsum-testdata/test-specsha256sum.out.expect1.05
5a7fe34949ac80a57ee53db2f548862e * 0000000000000059 ../specsum-testdata/dirlevel1/dirlevel2/XXXXXXXXXXXXXXXXXXXXXXX
5a7fe34949ac80a57ee53db2f548862e * 0000000000000059 ../specsum-testdata/dirlevel1/dirlevel2a/XXXXXXXXXXXXXXXXXXXXXXXX
5b56bea07be9b405c1ef680a8ef86088 * 0000000000000078 ../specsum-testdata/dirlevel1/dirlevel2a/wwwwwwwwwwwwwwwwwwwwwwwwwwwwwwwwwwwwwwwwwwwwwwwwwwwwwww
5b56bea07be9b405c1ef680a8ef86088 * 0000000000000078 ../specsum-testdata/dirlevel1/wwwwwwwwwwwwwwwwwwwwwwwwwwwwwwwwwwwwwwwwwwwwwwwwwwwwww
5b5dcf46af6f338b2f30be38678d3bcd * 000000000000006b ../specsum-testdata/dirlevel1/dirlevel2a/jjjjjjjjjjjjjjjjjjjjjjjjjjjjjjjjjjjjjjjjjj
5b5dcf46af6f338b2f30be38678d3bcd * 000000000000006b ../specsum-testdata/dirlevel1/jjjjjjjjjjjjjjjjjjjjjjjjjjjjjjjjjjjjjjjjj
5b6c98be974aa2510aecba4ccf2d2004 * 000000000000006e ../specsum-testdata/dirlevel1/dirlevel2a/mmmmmmmmmmmmmmmmmmmmmmmmmmmmmmmmmmmmmmmmmmmmm
5b6c98be974aa2510aecba4ccf2d2004 * 000000000000006e ../specsum-testdata/dirlevel1/mmmmmmmmmmmmmmmmmmmmmmmmmmmmmmmmmmmmmmmmmmmm
5e86afdbac6fc79c45ffd3758a3f81ed * 00000000000000bb ../specsum-testdata/test-specsha512sum.extout.01
6074c108e76e3d5387033b688aa8d874 * 0000000000000079 ../specsum-testdata/test-specsha256sum.in.expect0.04
6252bb978f9d8913dc19ecd412260395 * 0000000000000069 ../specsum-testdata/test-specsha256sum.out.07
64bc10b8d5845d8fb5d9338eda38f3cf * 000000000000007b ../specsum-testdata/test-specsha256sum.extout.09
678619eac8289f5c18997620acb17466 * 00000000000000b9 ../specsum-testdata/test-specsha512sum.in.expect1.05
694517c85e9929c11b77eeb580ee5aab * 0000000000000070 ../specsum-testdata/dirlevel1/dirlevel2a/ooooooooooooooooooooooooooooooooooooooooooooooo
694517c85e9929c11b77eeb580ee5aab * 0000000000000070 ../specsum-testdata/dirlevel1/oooooooooooooooooooooooooooooooooooooooooooooo
6bce0f09b4f5ba42b7af974f75395ad2 * 000000000000006a ../specsum-testdata/dirlevel1/dirlevel2a/iiiiiiiiiiiiiiiiiiiiiiiiiiiiiiiiiiiiiiiii
6bce0f09b4f5ba42b7af974f75395ad2 * 000000000000006a ../specsum-testdata/dirlevel1/iiiiiiiiiiiiiiiiiiiiiiiiiiiiiiiiiiiiiiii
6e074d255cb21bbb582d2df3960e296e * 0000000000000069 ../specsum-testdata/test-specsha256sum.out.01
6f79413668ec3c42e720b68cecc5c977 * 00000000000000b9 ../specsum-testdata/test-specsha512sum.in.expect1.08
705ddd32b361667bb00056618d022f54 * 000000000000005b ../specsum-testdata/test-specmd5sum.extout.05
70b4e69035f42fdfd59a7d5308a93019 * 0000000000000069 ../specsum-testdata/test-specsha256sum.out.02
711bc5cff82d75846f455171bffbdeee * 0000000000000062 ../specsum-testdata/dirlevel1/aaaaaaaaaaaaaaaaaaaaaaaaaaaaaaaa
711bc5cff82d75846f455171bffbdeee * 0000000000000062 ../specsum-testdata/dirlevel1/dirlevel2a/aaaaaaaaaaaaaaaaaaaaaaaaaaaaaaaaa
74d8769fe9d907ec1e461b22b5f5a2c2 * 0000000000000010 ../specsum-testdata/test-specsha256sum.in.expect1.14
7560786dc87c25a2c5e67cb7f0bf6880 * 0000000000000049 ../specsum-testdata/test-specmd5sum.out.07
7707d6ae4e027c70eea2a935c2296f21 * 00000000000f4240 ../specsum-testdata/test-specsum.in.09
781413a14ee0de6cd9500dbc3d1cf9d9 * 000000000000005b ../specsum-testdata/test-specmd5sum.extout.09
7858a746ad0c37e25df30a77cddbc31f * 000000000000007b ../specsum-testdata/test-specsha256sum.extout.08
78bcc7f43c7b8d27007f63c9ab826f66 * 0000000000000062 ../specsum-testdata/test-specsha256sum.out.expect1.01
78bcc7f43c7b8d27007f63c9ab826f66 * 0000000000000062 ../specsum-testdata/test-specsha256sum.out.expect1.02
78d04e7e6c4a69626823f9b16a9fdea0 * 000000000000004e ../specsum-testdata/dirlevel1/dirlevel2/MMMMMMMMMMMM
78d04e7e6c4a69626823f9b16a9fdea0 * 000000000000004e ../specsum-testdata/dirlevel1/dirlevel2a/MMMMMMMMMMMMM
7af038a4132e90b15f051544fb000ae4 * 0000000000000043 ../specsum-testdata/dirlevel1/dirlevel2/B
7af038a4132e90b15f051544fb000ae4 * 0000000000000043 ../specsum-testdata/dirlevel1/dirlevel2a/BB
7afe7c3fa19d2e65f45db63988f2e5cb * 0000000000000069 ../specsum-testdata/test-specsha256sum.out.05
7b558fdac9c2622354e4cb4279477ca3 * 0000000000000055 ../specsum-testdata/dirlevel1/dirlevel2/TTTTTTTTTTTTTTTTTTT
7b558fdac9c2622354e4cb4279477ca3 * 0000000000000055 ../specsum-testdata/dirlevel1/dirlevel2a/TTTTTTTTTTTTTTTTTTTT
7d02948be7371af0e7915a32d5b50011 * 000000000000007a ../specsum-testdata/test-specsha256sum.in.expect1.03
7d05621d2ba9aa65c923aed8f0c34665 * 000000000000005a ../specsum-testdata/test-specmd5sum.out.expect1.14
7d1dfd4adafeedf264526b5585011d80 * 0000000000000076 ../specsum-testdata/dirlevel1/dirlevel2a/uuuuuuuuuuuuuuuuuuuuuuuuuuuuuuuuuuuuuuuuuuuuuuuuuuuuu
7d1dfd4adafeedf264526b5585011d80 * 0000000000000076 ../specsum-testdata/dirlevel1/uuuuuuuuuuuuuuuuuuuuuuuuuuuuuuuuuuuuuuuuuuuuuuuuuuuu
7dff564d827d22f5d207cf5b43fe6a23 * 000000000000007b ../specsum-testdata/dirlevel1/dirlevel2a/zzzzzzzzzzzzzzzzzzzzzzzzzzzzzzzzzzzzzzzzzzzzzzzzzzzzzzzzzz
7dff564d827d22f5d207cf5b43fe6a23 * 000000000000007b ../specsum-testdata/dirlevel1/zzzzzzzzzzzzzzzzzzzzzzzzzzzzzzzzzzzzzzzzzzzzzzzzzzzzzzzzz
7fd64524c739904b9a66bc7524c4db72 * 000000000000005b ../specsum-testdata/dirlevel1/dirlevel2/ZZZZZZZZZZZZZZZZZZZZZZZZZ
7fd64524c739904b9a66bc7524c4db72 * 000000000000005b ../specsum-testdata/dirlevel1/dirlevel2a/ZZZZZZZZZZZZZZZZZZZZZZZZZZ
8016ddc153a43d1dfb7506412ef4cd9b * 00000000000000a9 ../specsum-testdata/test-specsha512sum.out.03
8215ef0796a20bcaaae116d3876c664a * 0000000000000038 ../specsum-testdata/test-specsum.in.07
829a771301cd3066da2c1ff8b42e3f24 * 000000000000004a ../specsum-testdata/dirlevel1/dirlevel2/IIIIIIII
829a771301cd3066da2c1ff8b42e3f24 * 000000000000004a ../specsum-testdata/dirlevel1/dirlevel2a/IIIIIIIII
832cb79e73a045b69e1d5290db280295 * 0000000000000057 ../specsum-testdata/test-specmd5sum.in.expect1.11
85080d3046f8fa60634eb26779d3d4cc * 0000000000000082 ../specsum-testdata/test-specsha256sum.in.expect1.13
856965789d3af5329ea1425cc984fbc0 * 0000000000000044 ../specsum-testdata/dirlevel1/dirlevel2/CC
856965789d3af5329ea1425cc984fbc0 * 0000000000000044 ../specsum-testdata/dirlevel1/dirlevel2a/CCC
87884551add619fa876865df46d1596f * 000000000000002e ../specsum-testdata/test-specmd5sum.in.expect1.15
87884551add619fa876865df46d1596f * 000000000000002e ../specsum-testdata/test-specsha512sum.in.expect1.15
8799cfd0d6746e651b030666b7a675f1 * 0000000000000054 ../specsum-testdata/dirlevel1/dirlevel2/SSSSSSSSSSSSSSSSSS
8799cfd0d6746e651b030666b7a675f1 * 0000000000000054 ../specsum-testdata/dirlevel1/dirlevel2a/SSSSSSSSSSSSSSSSSSS
87ef6c75eb4176ad04723584af9fab85 * 0000000000000084 ../specsum-testdata/test-specsha256sum.in.expect1.10
8b8e5c697e95d030fe848497e9b32590 * 000000000000007b ../specsum-testdata/test-specsha256sum.extout.07
8cfbd5136084330810361655fecd0e97 * 0000000000000050 ../specsum-testdata/dirlevel1/dirlevel2/OOOOOOOOOOOOOO
8cfbd5136084330810361655fecd0e97 * 0000000000000050 ../specsum-testdata/dirlevel1/dirlevel2a/OOOOOOOOOOOOOOO
8d25aca890f9bd4c636757dd9b1997c0 * 0000000000000056 ../specsum-testdata/dirlevel1/dirlevel2/UUUUUUUUUUUUUUUUUUUU
8d25aca890f9bd4c636757dd9b1997c0 * 0000000000000056 ../specsum-testdata/dirlevel1/dirlevel2a/UUUUUUUUUUUUUUUUUUUUU
8e5d0bdef2c613dd748cf0a1595f334f * 0000000000000049 ../specsum-testdata/test-specmd5sum.out.03
900150983cd24fb0d6963f7d28e17f72 * 0000000000000003 ../specsum-testdata/test-specsum.in.02
915599525e2c3a272330916702377aef * 0000000000000051 ../specsum-testdata/dirlevel1/dirlevel2/PPPPPPPPPPPPPPP
915599525e2c3a272330916702377aef * 0000000000000051 ../specsum-testdata/dirlevel1/dirlevel2a/PPPPPPPPPPPPPPPP
936342554fcc509c75a412b425df3c32 * 00000000000000bb ../specsum-testdata/test-specsha512sum.extout.09
942f076cc82b35725560b6b84deb7f4e * 0000000000000049 ../specsum-testdata/test-specmd5sum.out.02
967421c8f578a07ae624e3ebb415ee66 * 0000000000000049 ../specsum-testdata/test-specmd5sum.out.09
9849e234809fb26a9330258acda3b293 * 0000000000000059 ../specsum-testdata/test-specmd5sum.in.expect1.08
9907909f413cf787a1ab4228f5eed1fe * 00000000000000e9 ../specsum-testdata/test-specsha256sum.in.expect1.07
9990d8094269b6034708e1d385ca112a * 0000000000000063 ../specsum-testdata/test-specsha256sum.out.expect1.08
9aad4fe8d939ec6b017b8bb6bd412331 * 00000000000000ca ../specsum-testdata/test-specmd5sum.out.expect1.06
9efc34321550183c20532170c34f775e * 000000000000005a ../specsum-testdata/test-specmd5sum.out.expect1.15
9f42f8ab05c25b97d2442944b66ff7bb * 0000000000000063 ../specsum-testdata/test-specsha512sum.out.expect1.08
a31fa5f0b87fb8757fbded368520348b * 0000000000000075 ../specsum-testdata/dirlevel1/dirlevel2a/tttttttttttttttttttttttttttttttttttttttttttttttttttt
a31fa5f0b87fb8757fbded368520348b * 0000000000000075 ../specsum-testdata/dirlevel1/ttttttttttttttttttttttttttttttttttttttttttttttttttt
a3cb1609d1be7198dd87cdf4366a2bcc * 0000000000000169 ../specsum-testdata/test-specsha512sum.in.expect1.07
a63521f044ce57c17dbcd3b23f6fab52 * 00000000000000c2 ../specsum-testdata/test-specsha512sum.in.expect1.13
a8834d82309050198e0d46c70226e3c7 * 00000000000000a9 ../specsum-testdata/test-specsha512sum.out.02
a8cb742f3064d4e7bd8cbe5d94b4d8b0 * 0000000000000074 ../specsum-testdata/dirlevel1/dirlevel2a/sssssssssssssssssssssssssssssssssssssssssssssssssss
a8cb742f3064d4e7bd8cbe5d94b4d8b0 * 0000000000000074 ../specsum-testdata/dirlevel1/ssssssssssssssssssssssssssssssssssssssssssssssssss
a8e10f75e2d61cba041f6d64e44fbeed * 0000000000000042 ../specsum-testdata/dirlevel1/dirlevel2a/A
a98f04595b4050e4650b2bee5acd2911 * 00000000000000bb ../specsum-testdata/test-specsha512sum.extout.03
ab1019913162b82bd63a436ca025c3b9 * 000000000000005b ../specsum-testdata/test-specmd5sum.extout.08
ad92197060b0439055ef3d14d221bdc2 * 000000000000005f ../specsum-testdata/test-specmd5sum.out.expect1.01
ad92197060b0439055ef3d14d221bdc2 * 000000000000005f ../specsum-testdata/test-specmd5sum.out.expect1.02
ae9816809b8dd806af6193b7d2bded68 * 0000000000000049 ../specsum-testdata/test-specmd5sum.out.06
b39e4b82b72a40063d79f73319b5260c * 0000000000000073 ../specsum-testdata/dirlevel1/dirlevel2a/rrrrrrrrrrrrrrrrrrrrrrrrrrrrrrrrrrrrrrrrrrrrrrrrrr
b39e4b82b72a40063d79f73319b5260c * 0000000000000073 ../specsum-testdata/dirlevel1/rrrrrrrrrrrrrrrrrrrrrrrrrrrrrrrrrrrrrrrrrrrrrrrrr
b3ed241240e4be6195f39207c172676f * 0000000000000063 ../specsum-testdata/test-specsha256sum.out.expect1.15
b5850498a102cd7766730e7954c9ac04 * 0000000000000045 ../specsum-testdata/dirlevel1/dirlevel2/DDD
b5850498a102cd7766730e7954c9ac04 * 0000000000000045 ../specsum-testdata/dirlevel1/dirlevel2a/DDDD
b5b00d4b4da2c34ba4659bc9ddbed4a3 * 0000000000000049 ../specsum-testdata/test-specmd5sum.out.05
b691e3ea3f251ae2eeb85c7f2c40bf18 * 00000000000000a9 ../specsum-testdata/test-specsha512sum.out.07
b7666b6286cb8201e382597e8fd6aa35 * 0000000000000049 ../specsum-testdata/test-specmd5sum.out.08
b9d5dc801bc814eda30576ae9524cbce * 000000000000000d ../specsum-testdata/test-specmd5sum.in.expect1.14
bb1bc8552fe98e593bcbe33f8bcd555a * 00000000000000bb ../specsum-testdata/test-specsha512sum.extout.08
bb5c7524574b966d3575c3514e257a51 * 0000000000000079 ../specsum-testdata/test-specsha256sum.in.expect1.08
be52593c5a43db3d3e9e46d2dc548df0 * 0000000000000071 ../specsum-testdata/dirlevel1/dirlevel2a/pppppppppppppppppppppppppppppppppppppppppppppppp
be52593c5a43db3d3e9e46d2dc548df0 * 0000000000000071 ../specsum-testdata/dirlevel1/ppppppppppppppppppppppppppppppppppppppppppppppp
bf078a962e3cb3a95adbbaa215ab26a5 * 00000000000000a2 ../specsum-testdata/test-specmd5sum.in.expect1.06
bf0e7227321b16d1b123edf70e20a5b2 * 000000000000011f ../specsum-testdata/test-specmd5sum.out.expect1.07
c0c0be194f47adb924930819a6e7dcd7 * 0000000000000057 ../specsum-testdata/dirlevel1/dirlevel2/VVVVVVVVVVVVVVVVVVVVV
c0c0be194f47adb924930819a6e7dcd7 * 0000000000000057 ../specsum-testdata/dirlevel1/dirlevel2a/VVVVVVVVVVVVVVVVVVVVVV
c0e30e126d4767dcdebcaf6eb4a98f48 * 0000000000000046 ../specsum-testdata/dirlevel1/dirlevel2/EEEE
c0e30e126d4767dcdebcaf6eb4a98f48 * 0000000000000046 ../specsum-testdata/dirlevel1/dirlevel2a/EEEEE
c163c924a5acaaaca0e5b42ba9e23aab * 000000000000007b ../specsum-testdata/test-specsha256sum.extout.04
c3fcd3d76192e4007dfb496cca67e13b * 000000000000001a ../specsum-testdata/test-specsum.in.04
c41971f5a8da5a20d5ccf6b6f610398d * 00000000000000a9 ../specsum-testdata/test-specsha512sum.out.08
c6ebabd261f9f48cc9f1d54522192b30 * 00000000000000a9 ../specsum-testdata/test-specsha512sum.out.09
c79b332d59cfb81452fd50d74d74a808 * 0000000000000069 ../specsum-testdata/test-specsha256sum.out.06
c8167f53fcd80252275e5d028bee20cd * 00000000000000bb ../specsum-testdata/test-specsha512sum.extout.05
c99e3e537d41688f5d61cb9d9c4787a7 * 000000000000007b ../specsum-testdata/test-specsha256sum.in.expect1.01
ca9a081d7026ff5da560b7a640d4eaf1 * 000000000000005a ../specsum-testdata/test-specmd5sum.in.expect1.03
cb275b19ee190c4e6e19f08d155feff9 * 0000000000000077 ../specsum-testdata/test-specsha256sum.in.expect1.11
cb91253626ef4714f7c463ca52345989 * 000000000000005f ../specsum-testdata/test-specmd5sum.in.expect1.13
cf0c82ae55bbd13bb3b9124a30b14b3b * 00000000000000c4 ../specsum-testdata/test-specsha512sum.in.expect1.10
d174ab98d277d9f5a5611c2c9f419d9f * 000000000000003e ../specsum-testdata/test-specsum.in.05
d41d8cd98f00b204e9800998ecf8427e * 0000000000000000 ../specsum-testdata/dirlevel1/dirlevel2/dirlevel3/empty
d41d8cd98f00b204e9800998ecf8427e * 0000000000000000 ../specsum-testdata/test-specmd5sum.out.expect0.04
d41d8cd98f00b204e9800998ecf8427e * 0000000000000000 ../specsum-testdata/test-specmd5sum.out.expect1.03
d41d8cd98f00b204e9800998ecf8427e * 0000000000000000 ../specsum-testdata/test-specmd5sum.out.expect1.10
d41d8cd98f00b204e9800998ecf8427e * 0000000000000000 ../specsum-testdata/test-specmd5sum.out.expect1.13
d41d8cd98f00b204e9800998ecf8427e * 0000000000000000 ../specsum-testdata/test-specsha256sum.out.expect0.04
d41d8cd98f00b204e9800998ecf8427e * 0000000000000000 ../specsum-testdata/test-specsha256sum.out.expect1.03
d41d8cd98f00b204e9800998ecf8427e * 0000000000000000 ../specsum-testdata/test-specsha256sum.out.expect1.10
d41d8cd98f00b204e9800998ecf8427e * 0000000000000000 ../specsum-testdata/test-specsha256sum.out.expect1.13
d41d8cd98f00b204e9800998ecf8427e * 0000000000000000 ../specsum-testdata/test-specsha512sum.out.expect0.04
d41d8cd98f00b204e9800998ecf8427e * 0000000000000000 ../specsum-testdata/test-specsha512sum.out.expect1.03
d41d8cd98f00b204e9800998ecf8427e * 0000000000000000 ../specsum-testdata/test-specsha512sum.out.expect1.10
d41d8cd98f00b204e9800998ecf8427e * 0000000000000000 ../specsum-testdata/test-specsha512sum.out.expect1.13
d41d8cd98f00b204e9800998ecf8427e * 0000000000000000 ../specsum-testdata/test-specsum.in.01
d59327d6d9e5af7a58445ff4e75384a0 * 000000000000005b ../specsum-testdata/test-specmd5sum.in.expect1.02
d7a6dcbda4119852c31ffa8415ae719b * 000000000000007b ../specsum-testdata/test-specsha256sum.in.expect0.09
d81069e1961f1af845319f15ec301a7c * 00000000000000a9 ../specsum-testdata/test-specmd5sum.in.expect1.07
da74a0c121aa74d63ac82e0a2e19f163 * 00000000000000bb ../specsum-testdata/test-specsha512sum.extout.07
ddb7ca4b9901f6c3e202d3118dc58f20 * 00000000000000bb ../specsum-testdata/test-specsha512sum.extout.02
df8d0ee2e09e792a924759d78c63e61f * 00000000000000a9 ../specsum-testdata/test-specsha512sum.out.06
e063c1e2eafba4e4000260d3b95fa259 * 0000000000000063 ../specsum-testdata/test-specsha256sum.out.expect1.14
e80ea1f4cb03d4717765121c73d7527b * 00000000000000bb ../specsum-testdata/test-specsha512sum.in.expect1.01
e9694c12399e8432eb42c04e06ddb2c5 * 00000000000000bb ../specsum-testdata/test-specsha512sum.in.expect0.09
e9b5ee2e8956f6d516cabacc4771f4d5 * 0000000000000049 ../specsum-testdata/test-specmd5sum.out.04
ea32e9ae0785c233052da41feaada6d9 * 000000000000007a ../specsum-testdata/dirlevel1/dirlevel2a/yyyyyyyyyyyyyyyyyyyyyyyyyyyyyyyyyyyyyyyyyyyyyyyyyyyyyyyyy
ea32e9ae0785c233052da41feaada6d9 * 000000000000007a ../specsum-testdata/dirlevel1/yyyyyyyyyyyyyyyyyyyyyyyyyyyyyyyyyyyyyyyyyyyyyyyyyyyyyyyy
ea794203f04103fe8a9b96eaa6988af3 * 000000000000005b ../specsum-testdata/test-specmd5sum.extout.02
ea82a2ad2f83f6ac8e647ff1a0aba621 * 0000000000000069 ../specsum-testdata/dirlevel1/dirlevel2a/hhhhhhhhhhhhhhhhhhhhhhhhhhhhhhhhhhhhhhhh
ea82a2ad2f83f6ac8e647ff1a0aba621 * 0000000000000069 ../specsum-testdata/dirlevel1/hhhhhhhhhhhhhhhhhhhhhhhhhhhhhhhhhhhhhhh
eab89828b1692c902aea4227fc51745c * 000000000000007b ../specsum-testdata/test-specsha256sum.extout.05
eb7bf8f5d0b5e8b02ec6a8027f366cf0 * 0000000000000069 ../specsum-testdata/test-specsha256sum.out.08
ebd3c0cf1e77707f13f754444a4fd9b2 * 000000000000005a ../specsum-testdata/test-specmd5sum.out.expect1.08
ef9787ba11068e8af23a7b1d63901478 * 000000000000005b ../specsum-testdata/test-specmd5sum.extout.01
f0e1eb0a37571c1136830584a3ca7ed8 * 0000000000000079 ../specsum-testdata/test-specsha256sum.in.expect1.05
f0f6080401a9ccb2dd1e5bf2bb748d05 * 00000000000000ba ../specsum-testdata/test-specsha512sum.in.expect1.03
f390b20a9ab2f4d9a7b7caec4cd06f60 * 0000000000000056 ../specsum-testdata/test-specmd5sum.in.expect0.12
f48acb0e6ed38dfe0b8ce16d80088bd4 * 00000000000000e2 ../specsum-testdata/test-specsha256sum.in.expect1.06
f4b8f71db332c772535ea1bbe6f3b4cc * 000000000000004c ../specsum-testdata/dirlevel1/dirlevel2/KKKKKKKKKK
f4b8f71db332c772535ea1bbe6f3b4cc * 000000000000004c ../specsum-testdata/dirlevel1/dirlevel2a/KKKKKKKKKKK
f53e136cc531f9a4cd8d86a655ef5a8d * 0000000000000010 ../specsum-testdata/test-specsha512sum.in.expect1.14
f596d77a3664de53cfc3c9121c333782 * 0000000000000065 ../specsum-testdata/dirlevel1/ddddddddddddddddddddddddddddddddddd
f596d77a3664de53cfc3c9121c333782 * 0000000000000065 ../specsum-testdata/dirlevel1/dirlevel2a/dddddddddddddddddddddddddddddddddddd
f5b31ee05e6f9f2a33526df9e4482ba2 * 000000000000005b ../specsum-testdata/test-specmd5sum.in.expect1.01
f7384a0ee12e46b82f404a1e31d575d7 * 000000000000006f ../specsum-testdata/dirlevel1/dirlevel2a/nnnnnnnnnnnnnnnnnnnnnnnnnnnnnnnnnnnnnnnnnnnnnn
f7384a0ee12e46b82f404a1e31d575d7 * 000000000000006f ../specsum-testdata/dirlevel1/nnnnnnnnnnnnnnnnnnnnnnnnnnnnnnnnnnnnnnnnnnnnn
f8990a08da639d0cdb336d40ccbda4f4 * 00000000000000bb ../specsum-testdata/test-specsha512sum.extout.06
f96b697d7cb7938d525a2f31aaf161d0 * 000000000000000e ../specsum-testdata/test-specsum.in.03
f994ced3ffd8986b5019478cf13c4d0a * 0000000000000077 ../specsum-testdata/dirlevel1/dirlevel2a/vvvvvvvvvvvvvvvvvvvvvvvvvvvvvvvvvvvvvvvvvvvvvvvvvvvvvv
f994ced3ffd8986b5019478cf13c4d0a * 0000000000000077 ../specsum-testdata/dirlevel1/vvvvvvvvvvvvvvvvvvvvvvvvvvvvvvvvvvvvvvvvvvvvvvvvvvvvv
fd0f8ce6f0810be8bbfc2ead7557856c * 0000000000000052 ../specsum-testdata/dirlevel1/dirlevel2/QQQQQQQQQQQQQQQQ
fd0f8ce6f0810be8bbfc2ead7557856c * 0000000000000052 ../specsum-testdata/dirlevel1/dirlevel2a/QQQQQQQQQQQQQQQQQ
fe8b0135e71e7fec621e484ae792aee1 * 0000000000000069 ../specsum-testdata/test-specsha256sum.out.04
fedbfe8608bc100476553f8e10388675 * 000000000000005a ../specsum-testdata/dirlevel1/dirlevel2/YYYYYYYYYYYYYYYYYYYYYYYY
fedbfe8608bc100476553f8e10388675 * 000000000000005a ../specsum-testdata/dirlevel1/dirlevel2a/YYYYYYYYYYYYYYYYYYYYYYYYY
ffb5211f89ec66429f6283f4d2622f30 * 0000000000000053 ../specsum-testdata/dirlevel1/dirlevel2/RRRRRRRRRRRRRRRRR
ffb5211f89ec66429f6283f4d2622f30 * 0000000000000053 ../specsum-testdata/dirlevel1/dirlevel2a/RRRRRRRRRRRRRRRRRR
