0296dce280be38f1dca071d9e893c52bf503aef7c540d98ea8a9a3d19515c21e *../specsum-testdata/dirlevel1/dirlevel2/YYYYYYYYYYYYYYYYYYYYYYYY
0296dce280be38f1dca071d9e893c52bf503aef7c540d98ea8a9a3d19515c21e *../specsum-testdata/dirlevel1/dirlevel2a/YYYYYYYYYYYYYYYYYYYYYYYYY
034d66e19baf703803c55ae5bede28a3a90fefd7d9436b3664bda67d4ec4ef70 *../specsum-testdata/test-specmd5sum.out.expect1.07
03f1701d92eac3d0fd35416a0c3db64b53e272b3b38c918b661f2234705cdfbd *../specsum-testdata/test-specsha512sum.out.07
046f5f8ad4331523426ab016b489647cb9764ceef84dab8ae2e8cbd375df0ba4 *../specsum-testdata/test-specmd5sum.out.expect1.14
04965dab37f394e44f45c3902edbcf55d92bab410cf0fd044de6932dde2a97a4 *../specsum-testdata/dirlevel1/dirlevel2/IIIIIIII
04965dab37f394e44f45c3902edbcf55d92bab410cf0fd044de6932dde2a97a4 *../specsum-testdata/dirlevel1/dirlevel2a/IIIIIIIII
0602fd3d0513830bca0dda85b990a5e218cc94521300435563226fd07a7b6ab1 *../specsum-testdata/test-specmd5sum.out.01
0609ddfa68b7503c824ecdcd4784d390bd435912f5756bd51f2537eca20221b3 *../specsum-testdata/test-specmd5sum.extout.02
06501a685fab7d2de613bd6bcf020a16a49fd1110bba6aea500b87af241ebd8f *../specsum-testdata/test-specmd5sum.extout.07
06e4be1a71248718f1e6f9a6136737fa2a265252a2f3090be9b841523ac3f5f7 *../specsum-testdata/test-specsha256sum.out.expect1.11
0736c275b4b0c56d7973812c85be222663e5e3862ba5e61338927f4d7ce19831 *../specsum-testdata/test-specmd5sum.out.09
085dd392a2cffbcfce1ce2c5deb7b31fa7025d7099fe9083a523f9821bd88fde *../specsum-testdata/test-specsha512sum.in.expect1.10
0afea65eebb3738e9349294e439ce43df38ae16c3a365406b4e9b848240d5f48 *../specsum-testdata/test-specmd5sum.in.expect1.15
0afea65eebb3738e9349294e439ce43df38ae16c3a365406b4e9b848240d5f48 *../specsum-testdata/test-specsha512sum.in.expect1.15
0b7404e8d7e4c7504c77fd8e2404c44e8a2d442429b9b7b9d1bf00ef3fdc9e7b *../specsum-testdata/test-specmd5sum.out.08
0bc38b3c0f2f38e386f935dbc78ed24b2c89e5bd2d8f028031e4332fcec107a7 *../specsum-testdata/dirlevel1/dirlevel2a/iiiiiiiiiiiiiiiiiiiiiiiiiiiiiiiiiiiiiiiii
0bc38b3c0f2f38e386f935dbc78ed24b2c89e5bd2d8f028031e4332fcec107a7 *../specsum-testdata/dirlevel1/iiiiiiiiiiiiiiiiiiiiiiiiiiiiiiiiiiiiiiii
0efafb8fad527c2bf6e8cfacac123e6f95475c93867a7066f7d33001e4856190 *../specsum-testdata/test-specsha512sum.extout.03
104d39dc7cce8658a0cd8de47a6834631ece985c74e118146dde8823ab8bd1f6 *../specsum-testdata/test-specsha512sum.out.06
14e655535b92cde47da81d7bfe00c7939fc5ffe7b7f061cbc2e22fd066ed2e58 *../specsum-testdata/dirlevel1/cccccccccccccccccccccccccccccccccc
14e655535b92cde47da81d7bfe00c7939fc5ffe7b7f061cbc2e22fd066ed2e58 *../specsum-testdata/dirlevel1/dirlevel2a/ccccccccccccccccccccccccccccccccccc
184364def52e312a06484983a5ee7b23cf841abd89c0df05bdacbbabbf0ca13a *../specsum-testdata/dirlevel1/dirlevel2/OOOOOOOOOOOOOO
184364def52e312a06484983a5ee7b23cf841abd89c0df05bdacbbabbf0ca13a *../specsum-testdata/dirlevel1/dirlevel2a/OOOOOOOOOOOOOOO
18f8b7dd448106979da63f778f5d7dd5eba643e4d52e086789f18a6d49a04b2a *../specsum-testdata/test-specsha256sum.in.expect0.04
1cfaccb20ffe5c60554490ffb0edeffe3c44cf402ffa74857e17a8c0c8bd004e *../specsum-testdata/test-specsha256sum.extout.05
1d16c5b186fe8d9471050f8390d6abc3bc8bc4e3616c136bce653c4e31c23308 *../specsum-testdata/test-specmd5sum.in.expect0.12
1edaeffdae87c7a58504a4f3c9e4f36f922ff1b29eae6bbc9e64fb431d4e7e3b *../specsum-testdata/test-specsha512sum.extout.02
21de649b9d05351d43b5eb42dad26fa55685db05bcef6c0f6519970060ce8294 *../specsum-testdata/test-specsha256sum.in.expect1.07
227fb23e5bce13e897cb9ba906279354976230ea4a86148cdf739bdc76c309d3 *../specsum-testdata/test-specmd5sum.out.expect1.08
2323605614e4def79ce8393db9c781b89de2b3dafb230e8f9110e165b8265789 *../specsum-testdata/test-specsha512sum.out.expect1.05
243362c7e21e47c37ed01e6742d036e5e89ae469bee20e252af6a5e16c6315a6 *../specsum-testdata/test-specsha512sum.extout.05
248d6a61d20638b8e5c026930c3e6039a33ce45964ff2167f6ecedd419db06c1 *../specsum-testdata/test-specsum.in.07
248fa831944ae06f0490fca00146d7c79ea9f4dce7961e23bc5b3ff746e74bfe *../specsum-testdata/dirlevel1/dirlevel2a/nnnnnnnnnnnnnnnnnnnnnnnnnnnnnnnnnnnnnnnnnnnnnn
248fa831944ae06f0490fca00146d7c79ea9f4dce7961e23bc5b3ff746e74bfe *../specsum-testdata/dirlevel1/nnnnnnnnnnnnnnnnnnnnnnnnnnnnnnnnnnnnnnnnnnnnn
25b5238e20a96234d2aeae5d01ec1c3b957aebec66083faea7175c2bcda6adf9 *../specsum-testdata/test-specsha512sum.out.expect1.11
25d7d375cb306ea6932ea4cb6f0a95947be3485cb309ff5d5cc3021c233ec5bf *../specsum-testdata/test-specmd5sum.out.expect1.15
28912f7b0fdedc9fa38095ba12a716ef0fc133085feff9b9b2a0667e12596651 *../specsum-testdata/dirlevel1/dirlevel2a/yyyyyyyyyyyyyyyyyyyyyyyyyyyyyyyyyyyyyyyyyyyyyyyyyyyyyyyyy
28912f7b0fdedc9fa38095ba12a716ef0fc133085feff9b9b2a0667e12596651 *../specsum-testdata/dirlevel1/yyyyyyyyyyyyyyyyyyyyyyyyyyyyyyyyyyyyyyyyyyyyyyyyyyyyyyyy
289275466e03fd84ded854d3533a94acd73f5b83f3319182db6425ac231bd86a *../specsum-testdata/test-specsha512sum.in.expect1.13
29943e4b7fe98d1691468f13ef0dfd84547e75b80f7f1414f340efa56625589f *../specsum-testdata/test-specsha256sum.in.expect1.05
29a4c68fa8c5c65ca9d4b7079e4a4e8db7e17244b44d6db7a0549fdd1d419f8d *../specsum-testdata/test-specsha512sum.out.expect1.01
29a4c68fa8c5c65ca9d4b7079e4a4e8db7e17244b44d6db7a0549fdd1d419f8d *../specsum-testdata/test-specsha512sum.out.expect1.02
2a70809c59600ea5164d4554f9a496055a731aeaaf49ae9115c896648b83288c *../specsum-testdata/test-specsha512sum.out.05
2a9a9a788d5fdf07078a06033c6fc7d19522ea602a3cd8088312b1e737b91842 *../specsum-testdata/test-specmd5sum.in.expect1.05
2d3a7d46cc5e098bc4e81e84c808cc3b7f6d9a5ec6d6eaf6fa59fd30698bf7e9 *../specsum-testdata/test-specsha512sum.out.expect1.06
2d41b23e21894a652de2df2c2f35a7fcdb3561d4010bc2d5af9c67961dcb3e5a *../specsum-testdata/test-specsha256sum.out.07
2db3caf014571031132b1e45de0bfee6a2a5f2975d046cae182a021ec78be01c *../specsum-testdata/dirlevel1/dirlevel2a/kkkkkkkkkkkkkkkkkkkkkkkkkkkkkkkkkkkkkkkkkkk
2db3caf014571031132b1e45de0bfee6a2a5f2975d046cae182a021ec78be01c *../specsum-testdata/dirlevel1/kkkkkkkkkkkkkkkkkkkkkkkkkkkkkkkkkkkkkkkkkk
2ebe3b5970e60510fe9161232ad89ebfe42a13707e1a4b7c3181389ee617ff21 *../specsum-testdata/test-specsha512sum.in.expect1.02
2fc8bf274e07b5ec9c267cef829869bb1263f312fe1dbdb648fa40e64ba9b6b5 *../specsum-testdata/test-specmd5sum.extout.05
3170327c00600f070efd5e7d2020a14c5af76e947ba6f7434667541438926ad4 *../specsum-testdata/test-specsha256sum.out.expect1.06
323aa6051dbd6eb0f65ee015e89c5061193813dfc19f30d62113a07e1e41fa7e *../specsum-testdata/dirlevel1/dirlevel2/UUUUUUUUUUUUUUUUUUUU
323aa6051dbd6eb0f65ee015e89c5061193813dfc19f30d62113a07e1e41fa7e *../specsum-testdata/dirlevel1/dirlevel2a/UUUUUUUUUUUUUUUUUUUUU
33e8d1a08c777a4e88b33dd6b3e87b0107f6e40f311a2610479f215680ad7874 *../specsum-testdata/test-specsha512sum.extout.08
35b52d24e76c3e6b010200f383cbd1945c5ba6f6705871ac93483e330bfce04e *../specsum-testdata/test-specmd5sum.out.expect1.01
35b52d24e76c3e6b010200f383cbd1945c5ba6f6705871ac93483e330bfce04e *../specsum-testdata/test-specmd5sum.out.expect1.02
372d58c0092cfb5cda187eed31b7a990712ca8935812e174896b066128a9f86d *../specsum-testdata/test-specsha256sum.in.expect0.09
39af41353507dfbbab104099f4b6e8b08c6a92c20a5b6f0afe8a039124153cb7 *../specsum-testdata/dirlevel1/dirlevel2/HHHHHHH
39af41353507dfbbab104099f4b6e8b08c6a92c20a5b6f0afe8a039124153cb7 *../specsum-testdata/dirlevel1/dirlevel2a/HHHHHHHH
3a75cfe19ff64fa91561f10d22cbd0d7176a93e07938ef4e8f00eefe4dd519f1 *../specsum-testdata/test-specmd5sum.in.expect1.06
3b1efc550bff5149cfefcf4a1adec66c3d24864fe58e625e7b5ab2bee052e075 *../specsum-testdata/dirlevel1/dirlevel2a/jjjjjjjjjjjjjjjjjjjjjjjjjjjjjjjjjjjjjjjjjj
3b1efc550bff5149cfefcf4a1adec66c3d24864fe58e625e7b5ab2bee052e075 *../specsum-testdata/dirlevel1/jjjjjjjjjjjjjjjjjjjjjjjjjjjjjjjjjjjjjjjjj
3c056ff480141654e4dce22a98d518ef91427f8e09a2048b5b0b3eac42262453 *../specsum-testdata/dirlevel1/dirlevel2/VVVVVVVVVVVVVVVVVVVVV
3c056ff480141654e4dce22a98d518ef91427f8e09a2048b5b0b3eac42262453 *../specsum-testdata/dirlevel1/dirlevel2a/VVVVVVVVVVVVVVVVVVVVVV
3e51109b79d9ea26e04430933e3ce64c42f7fe0fd90d1d33240b32e680dde654 *../specsum-testdata/test-specsha256sum.extout.07
3fa7b958e1bbd2de4c8eeb4fee52b60c809b9e1fb52eb7acaa155a9e6193d4c6 *../specsum-testdata/test-specsha256sum.out.expect1.14
4438e48e3b96f9a7ffd0ec6935596a1c79a01e1f27aad18e53269ed5a0230e93 *../specsum-testdata/test-specmd5sum.out.06
4566630ae26a84fd9f68c9f94da2671d8bc1ed3aeae435799663a8fb2340d54c *../specsum-testdata/test-specmd5sum.extout.01
45891b997eace2b055e3688416607b65fc367606a5b80bf1b5e5a6a8e997bac8 *../specsum-testdata/test-specsha512sum.extout.04
45d72e342b57c6d364e6a140d5d03dcc2fc6e2f80bd6b56121f8516e465342a9 *../specsum-testdata/dirlevel1/dirlevel2/RRRRRRRRRRRRRRRRR
45d72e342b57c6d364e6a140d5d03dcc2fc6e2f80bd6b56121f8516e465342a9 *../specsum-testdata/dirlevel1/dirlevel2a/RRRRRRRRRRRRRRRRRR
4618be2dc53652e743ab7f2f187d43039004a5ee9a4ef941ecdbb1b36971b41a *../specsum-testdata/dirlevel1/dirlevel2a/mmmmmmmmmmmmmmmmmmmmmmmmmmmmmmmmmmmmmmmmmmmmm
4618be2dc53652e743ab7f2f187d43039004a5ee9a4ef941ecdbb1b36971b41a *../specsum-testdata/dirlevel1/mmmmmmmmmmmmmmmmmmmmmmmmmmmmmmmmmmmmmmmmmmmm
462c2240e40fffbf731887398b7675e3e86adebbecd7e2330451707dc020eba0 *../specsum-testdata/test-specsha256sum.in.expect1.14
46f746d60ad8bc8aac5f4b89a8e3b7a6996b2d4badb02b8f31aedcfc6074d423 *../specsum-testdata/test-specmd5sum.extout.04
4892f99da419a3dcfa8e0298c9a0f033c07eee237c9801497ee13f21d0791948 *../specsum-testdata/dirlevel1/dirlevel2/QQQQQQQQQQQQQQQQ
4892f99da419a3dcfa8e0298c9a0f033c07eee237c9801497ee13f21d0791948 *../specsum-testdata/dirlevel1/dirlevel2a/QQQQQQQQQQQQQQQQQ
4a1006cbe7a532703df4451d5c732fdb12b7c813c2ecb390a4c92101bc70298c *../specsum-testdata/dirlevel1/dirlevel2/DDD
4a1006cbe7a532703df4451d5c732fdb12b7c813c2ecb390a4c92101bc70298c *../specsum-testdata/dirlevel1/dirlevel2a/DDDD
4ae180ae29e86aca1b70f9c12edfbc248c4b8bd91dbf2605e9ea8980165c1c6c *../specsum-testdata/dirlevel1/dirlevel2a/xxxxxxxxxxxxxxxxxxxxxxxxxxxxxxxxxxxxxxxxxxxxxxxxxxxxxxxx
4ae180ae29e86aca1b70f9c12edfbc248c4b8bd91dbf2605e9ea8980165c1c6c *../specsum-testdata/dirlevel1/xxxxxxxxxxxxxxxxxxxxxxxxxxxxxxxxxxxxxxxxxxxxxxxxxxxxxxx
4bd114ab13e48b4ba4fd5582aab6578b05457004f26ddf7333f305559eca1061 *../specsum-testdata/dirlevel1/dirlevel2a/uuuuuuuuuuuuuuuuuuuuuuuuuuuuuuuuuuuuuuuuuuuuuuuuuuuuu
4bd114ab13e48b4ba4fd5582aab6578b05457004f26ddf7333f305559eca1061 *../specsum-testdata/dirlevel1/uuuuuuuuuuuuuuuuuuuuuuuuuuuuuuuuuuuuuuuuuuuuuuuuuuuu
4c0aee2093d89f36369d1ce17aaaadeb134642e470ad58abb1222e06ea12d512 *../specsum-testdata/test-specsha512sum.out.expect1.15
50762f658b76ceae515321d81e91a5186a96bf703f41f60bf9774f0de17f07bf *../specsum-testdata/test-specsha256sum.out.02
5083874f49f8628ae29ef1231c2b12a6ef847ac93372ad7de684745a2e2196d2 *../specsum-testdata/dirlevel1/dirlevel2a/pppppppppppppppppppppppppppppppppppppppppppppppp
5083874f49f8628ae29ef1231c2b12a6ef847ac93372ad7de684745a2e2196d2 *../specsum-testdata/dirlevel1/ppppppppppppppppppppppppppppppppppppppppppppppp
5105f04756182facf1a36bf573d4f65c661dd736d4da804ff69c9f952529948e *../specsum-testdata/test-specsha256sum.in.expect1.01
52e26ceb92f902e71d498ba81ba594abe0d0a8bf099ce6a97ad33d239bb99f8f *../specsum-testdata/test-specsha256sum.out.08
54cbce34fad042fdf0420f0567445fc212ce9c58ea8e0f5f90c8b0fc2a3aa365 *../specsum-testdata/test-specsha256sum.out.expect1.05
5895c3cb93f8f626ad55d40a347f45a7327b6c9fd8c563e6ab5ca761e72832ec *../specsum-testdata/test-specsha256sum.extout.04
59730a909940ca1a6fe5ac3da33b4da6fb4efeaded16999f0657f0a022ea4cca *../specsum-testdata/test-specsha512sum.in.expect1.06
5a059a8e7a9a86e31b7e06e59ef4b50b9229a98543a72aebe3335e4edd3605c3 *../specsum-testdata/test-specmd5sum.in.expect1.13
5c9b42befd9f718c3dad797ba60658e70b55ccd297edc2dff229277763f4330b *../specsum-testdata/test-specsha256sum.in.expect0.12
5cf4c3f8d4b11837c8c5e039f43875fd0dedc60cbfa5c6beb43c7c1639743f65 *../specsum-testdata/dirlevel1/dirlevel2/KKKKKKKKKK
5cf4c3f8d4b11837c8c5e039f43875fd0dedc60cbfa5c6beb43c7c1639743f65 *../specsum-testdata/dirlevel1/dirlevel2a/KKKKKKKKKKK
5de6f56e003b172b7d259d0cfc7ddead85950402affb7c41409d36a5e13d3166 *../specsum-testdata/test-specsha256sum.extout.09
5dee922c14a7cfae39aacbd64cb5eaeb1470fee66ec0fee2c2430db99b10f677 *../specsum-testdata/dirlevel1/dirlevel2/ZZZZZZZZZZZZZZZZZZZZZZZZZ
5dee922c14a7cfae39aacbd64cb5eaeb1470fee66ec0fee2c2430db99b10f677 *../specsum-testdata/dirlevel1/dirlevel2a/ZZZZZZZZZZZZZZZZZZZZZZZZZZ
5e9533cf78d29e5dc73b2c531a2933a69fe0aadda9915ee212cac2ea60369bc0 *../specsum-testdata/test-specsha256sum.out.expect1.15
65aa09889c72048a95799a956e33f71afd0cac3da7fa6bb3ef07df36a9edd2a5 *../specsum-testdata/dirlevel1/dirlevel2/GGGGGG
65aa09889c72048a95799a956e33f71afd0cac3da7fa6bb3ef07df36a9edd2a5 *../specsum-testdata/dirlevel1/dirlevel2a/GGGGGGG
6cc038e63df9b7d1db0afd742f0c1713259584d658340be71b64ab2aca833aa3 *../specsum-testdata/test-specsha256sum.in.expect1.10
702f3edc4f563bb6122604ae46f854c9507487acdf7809b7eb215befa6849e7c *../specsum-testdata/test-specsha512sum.out.expect1.14
714d3ab340702d58ac19a89e62c350f1e8b7d19aa7b4728225baddb8d36f683a *../specsum-testdata/dirlevel1/dirlevel2/SSSSSSSSSSSSSSSSSS
714d3ab340702d58ac19a89e62c350f1e8b7d19aa7b4728225baddb8d36f683a *../specsum-testdata/dirlevel1/dirlevel2a/SSSSSSSSSSSSSSSSSSS
71c480df93d6ae2f1efad1447c66c9525e316218cf51fc8d9ed832f2daf18b73 *../specsum-testdata/test-specsum.in.04
7295abbb9d399f321d598566c93476bdcfe99876d4f30b61ed2957002d382162 *../specsum-testdata/test-specsha512sum.out.02
738ef900c97e7879f4ea5047e8e5fdf720497e2374d9eb966ea35c7a5d7fa4b8 *../specsum-testdata/dirlevel1/dirlevel2/FFFFF
738ef900c97e7879f4ea5047e8e5fdf720497e2374d9eb966ea35c7a5d7fa4b8 *../specsum-testdata/dirlevel1/dirlevel2a/FFFFFF
7758031c9101910f1c95f1138bc732b947971d3c6a9648b61eaf75f49ec5f196 *../specsum-testdata/dirlevel1/dirlevel2a/ggggggggggggggggggggggggggggggggggggggg
7758031c9101910f1c95f1138bc732b947971d3c6a9648b61eaf75f49ec5f196 *../specsum-testdata/dirlevel1/gggggggggggggggggggggggggggggggggggggg
7794103c24bbef520fbe81332d2d2a5d56e2f7ebd444d49a10b4df438d2c4451 *../specsum-testdata/test-specsha256sum.in.expect1.08
77e2a8af0463927a16189e54dd08ac0abf01d3e86d631e84ce58e3dbc39ec915 *../specsum-testdata/dirlevel1/dirlevel2/EEEE
77e2a8af0463927a16189e54dd08ac0abf01d3e86d631e84ce58e3dbc39ec915 *../specsum-testdata/dirlevel1/dirlevel2a/EEEEE
7837356ddabfcfc64e1a0f7d358aa23f9f3b80a5c2f5d956c25d63ec24308883 *../specsum-testdata/test-specsha512sum.out.01
78b114e6adcaca6ef67e3cd85d6ad2fc0ab1ba498997294e0a74bc5b7ad286a0 *../specsum-testdata/dirlevel1/dirlevel2a/hhhhhhhhhhhhhhhhhhhhhhhhhhhhhhhhhhhhhhhh
78b114e6adcaca6ef67e3cd85d6ad2fc0ab1ba498997294e0a74bc5b7ad286a0 *../specsum-testdata/dirlevel1/hhhhhhhhhhhhhhhhhhhhhhhhhhhhhhhhhhhhhhh
7999af15d3e7b99374cfb697a4fc3dfb86e6abc50d6569749540516887bb706d *../specsum-testdata/dirlevel1/dirlevel2/XXXXXXXXXXXXXXXXXXXXXXX
7999af15d3e7b99374cfb697a4fc3dfb86e6abc50d6569749540516887bb706d *../specsum-testdata/dirlevel1/dirlevel2a/XXXXXXXXXXXXXXXXXXXXXXXX
79bc11bd7d25ae82e57146f8fe87625641971e69321026bdba6bb2026d19191f *../specsum-testdata/test-specsha512sum.out.expect1.07
7aaf60c5c5fdfa7c6ddfdb434372f99582be163de13d251b0d1034d985d15e7c *../specsum-testdata/dirlevel1/ddddddddddddddddddddddddddddddddddd
7aaf60c5c5fdfa7c6ddfdb434372f99582be163de13d251b0d1034d985d15e7c *../specsum-testdata/dirlevel1/dirlevel2a/dddddddddddddddddddddddddddddddddddd
7b5f8b682d0708e07807289b918b9052333b7d185148ce657356cff7d1b0678e *../specsum-testdata/dirlevel1/dirlevel2/TTTTTTTTTTTTTTTTTTT
7b5f8b682d0708e07807289b918b9052333b7d185148ce657356cff7d1b0678e *../specsum-testdata/dirlevel1/dirlevel2a/TTTTTTTTTTTTTTTTTTTT
7b6619d65cb12301ec9333eee64183cc8446042f3dac9fad3a099a4f3519c955 *../specsum-testdata/dirlevel1/dirlevel2/WWWWWWWWWWWWWWWWWWWWWW
7b6619d65cb12301ec9333eee64183cc8446042f3dac9fad3a099a4f3519c955 *../specsum-testdata/dirlevel1/dirlevel2a/WWWWWWWWWWWWWWWWWWWWWWW
7c767a68d47cf39492583511073f22ea7b2bb4c92959616bc76e15c2545482cd *../specsum-testdata/dirlevel1/dirlevel2a/llllllllllllllllllllllllllllllllllllllllllll
7c767a68d47cf39492583511073f22ea7b2bb4c92959616bc76e15c2545482cd *../specsum-testdata/dirlevel1/lllllllllllllllllllllllllllllllllllllllllll
7d332c8607208cc0ade1a549493b9cbe1aebf74164996e6774f4de90459f9768 *../specsum-testdata/dirlevel1/dirlevel2a/A
8208dcb8c3a0bdb18023ca5d816206ec82cf6617eb3ee81567862392c353ecb8 *../specsum-testdata/test-specsha256sum.extout.03
8872f938a487d6f770181bd968fcb821e6c6010f3ddeccec7d2d2adc93038f1b *../specsum-testdata/test-specsha256sum.in.expect1.03
89278d73d98bbe596623c9b13d7dc7853c16a51de5f32326707b88e1734159e8 *../specsum-testdata/test-specsha256sum.out.09
8a2b986348c4d16ffa6e3d9a735b1cd315acb27d2d1cebe3f97102127bd920cd *../specsum-testdata/test-specsha256sum.extout.01
8a44e110e04c30437f26947d43fecbd25fdfae7ee0003bf0202e818cddcfef66 *../specsum-testdata/test-specsha512sum.extout.06
8fb235905b3200f00bb3cc3d821fd435b5ef958b0f9528ad5f7da94ea37266eb *../specsum-testdata/dirlevel1/dirlevel2a/qqqqqqqqqqqqqqqqqqqqqqqqqqqqqqqqqqqqqqqqqqqqqqqqq
8fb235905b3200f00bb3cc3d821fd435b5ef958b0f9528ad5f7da94ea37266eb *../specsum-testdata/dirlevel1/qqqqqqqqqqqqqqqqqqqqqqqqqqqqqqqqqqqqqqqqqqqqqqqq
912358b498af56942d1d15dc6f388ee8303473c140414537dcd1c41e7976489e *../specsum-testdata/test-specmd5sum.out.07
92631aa664cee28c6355d4abc61d39d40b1f81b3adac92172371aa128964aecd *../specsum-testdata/test-specmd5sum.out.expect1.11
930f508028b05b86b18852b0ff7689ca3ef2d1ce2fa6eda1a7e9461a7bfd9702 *../specsum-testdata/dirlevel1/dirlevel2a/vvvvvvvvvvvvvvvvvvvvvvvvvvvvvvvvvvvvvvvvvvvvvvvvvvvvvv
930f508028b05b86b18852b0ff7689ca3ef2d1ce2fa6eda1a7e9461a7bfd9702 *../specsum-testdata/dirlevel1/vvvvvvvvvvvvvvvvvvvvvvvvvvvvvvvvvvvvvvvvvvvvvvvvvvvvv
93f0efcc0e6a874403f692b3924ed0748df01430cc63ec7f056d6e8e74c7b48e *../specsum-testdata/test-specmd5sum.out.expect0.09
93f0efcc0e6a874403f692b3924ed0748df01430cc63ec7f056d6e8e74c7b48e *../specsum-testdata/test-specmd5sum.out.expect0.12
93f0efcc0e6a874403f692b3924ed0748df01430cc63ec7f056d6e8e74c7b48e *../specsum-testdata/test-specsha256sum.out.expect0.09
93f0efcc0e6a874403f692b3924ed0748df01430cc63ec7f056d6e8e74c7b48e *../specsum-testdata/test-specsha256sum.out.expect0.12
93f0efcc0e6a874403f692b3924ed0748df01430cc63ec7f056d6e8e74c7b48e *../specsum-testdata/test-specsha512sum.out.expect0.09
93f0efcc0e6a874403f692b3924ed0748df01430cc63ec7f056d6e8e74c7b48e *../specsum-testdata/test-specsha512sum.out.expect0.12
94b281b3b1a83cf32756232b7755f6abafc4c8da14e0963283031a342c6944f3 *../specsum-testdata/dirlevel1/dirlevel2a/eeeeeeeeeeeeeeeeeeeeeeeeeeeeeeeeeeeee
94b281b3b1a83cf32756232b7755f6abafc4c8da14e0963283031a342c6944f3 *../specsum-testdata/dirlevel1/eeeeeeeeeeeeeeeeeeeeeeeeeeeeeeeeeeee
96835fe7edce65b2268e1cc02b42eb004fb9e410d5ba20313c246bbffc916acd *../specsum-testdata/dirlevel1/dirlevel2/LLLLLLLLLLL
96835fe7edce65b2268e1cc02b42eb004fb9e410d5ba20313c246bbffc916acd *../specsum-testdata/dirlevel1/dirlevel2a/LLLLLLLLLLLL
981ccbc543cb66d7145eefbc763fbdc2a14a154ec37d09ff36d4e26118c182fd *../specsum-testdata/test-specmd5sum.in.expect1.10
98a7ef3b308ec0c005ef2c4633aa522761ed8ea6ebb21d29db7f8023152f5cc7 *../specsum-testdata/test-specsha256sum.extout.08
99b7e4c4ffc6356fe12dc049ba5f4555fe179a17a0d9f652c7ed9409c12e2644 *../specsum-testdata/test-specsha512sum.out.04
9a04a4bf9d04e124ce0378156ed5969cdea9b3d6392cabc52ae8cb836c5b555e *../specsum-testdata/dirlevel1/dirlevel2a/zzzzzzzzzzzzzzzzzzzzzzzzzzzzzzzzzzzzzzzzzzzzzzzzzzzzzzzzzz
9a04a4bf9d04e124ce0378156ed5969cdea9b3d6392cabc52ae8cb836c5b555e *../specsum-testdata/dirlevel1/zzzzzzzzzzzzzzzzzzzzzzzzzzzzzzzzzzzzzzzzzzzzzzzzzzzzzzzzz
9a677a0210790015299abcfdf20024bb06805ec325527aff40157a0e95238dc1 *../specsum-testdata/test-specmd5sum.out.02
9e71f351214bacc479c41e9c10e711e035a89cc48f8a37fda128aecbb4290f02 *../specsum-testdata/dirlevel1/dirlevel2a/rrrrrrrrrrrrrrrrrrrrrrrrrrrrrrrrrrrrrrrrrrrrrrrrrr
9e71f351214bacc479c41e9c10e711e035a89cc48f8a37fda128aecbb4290f02 *../specsum-testdata/dirlevel1/rrrrrrrrrrrrrrrrrrrrrrrrrrrrrrrrrrrrrrrrrrrrrrrrr
9f4701992419b4c31ce9d6a3ab5062f52d63c4c18877f4dd7482d7a406919f71 *../specsum-testdata/test-specmd5sum.in.expect1.02
9f518c8aee4560433684e8d615c379fa533d5dcb16ad99f1649b91381f2e0ca4 *../specsum-testdata/test-specsha256sum.extout.06
9ffd5f4261f4f58259dd850491cb842c58cfd7be5dafb3c029054f860b27f4f5 *../specsum-testdata/test-specsha512sum.in.expect1.14
a0eb56318c256a1db7f11841406d1f3b3c8e0775b876236233d3f3a8849b1215 *../specsum-testdata/test-specsha512sum.in.expect1.07
a1b9b3cc82f6f3ecce852583bac920b16068ef28673b4714ceb64d35f1f17ab0 *../specsum-testdata/dirlevel1/dirlevel2/CC
a1b9b3cc82f6f3ecce852583bac920b16068ef28673b4714ceb64d35f1f17ab0 *../specsum-testdata/dirlevel1/dirlevel2a/CCC
a55524b4a921eb9051b9aa98e9b76a00109a8588f51013b75f50dab8edfccf79 *../specsum-testdata/dirlevel1/dirlevel2a/tttttttttttttttttttttttttttttttttttttttttttttttttttt
a55524b4a921eb9051b9aa98e9b76a00109a8588f51013b75f50dab8edfccf79 *../specsum-testdata/dirlevel1/ttttttttttttttttttttttttttttttttttttttttttttttttttt
a62d753d551114fec942c2ae9d7e28a93ec5edb3d4631a4c96d6497fdfc2df09 *../specsum-testdata/dirlevel1/dirlevel2/MMMMMMMMMMMM
a62d753d551114fec942c2ae9d7e28a93ec5edb3d4631a4c96d6497fdfc2df09 *../specsum-testdata/dirlevel1/dirlevel2a/MMMMMMMMMMMMM
a71b4c4eb96671825b7da7f39699be7ac0ae552da4348583fbb8f6ac60202cce *../specsum-testdata/test-specsha256sum.extout.02
a819e4d66175f455e67874985a6ff072a8295962f1c57dbada68a1e10efd6086 *../specsum-testdata/test-specsha512sum.in.expect0.09
ab7654a6f27b5d27e87402135c441efbff59c4ef150a9abf16ad664c86e42096 *../specsum-testdata/test-specmd5sum.out.expect1.06
ac0333d15306f1d56cfacd51e80863bf826277eb96d934e21ed6bc3bc7c59082 *../specsum-testdata/test-specsha512sum.in.expect1.05
aff4a448e80f85be045404749c48bbaa0694d2381911c24c652c31157c0d3687 *../specsum-testdata/test-specsha512sum.extout.01
b0430aa405ecbc0e800afefee2962c2f2e37d282ce008e85376482825e607b02 *../specsum-testdata/test-specsha512sum.in.expect1.01
b1db5ee54208dfc18a400c0f5d4eb44fe1f0c586d0c79aeca7dbd70d10acb2e3 *../specsum-testdata/test-specsha256sum.in.expect1.06
b1fe9cead1fdbb6b20f4baa53cf3c894846b2f9342dc991300cf44ea92250562 *../specsum-testdata/test-specsha512sum.in.expect0.04
b310492b034368fc857c72e29c50bdd0093d76a03da7b23d8e1934073030e731 *../specsum-testdata/test-specmd5sum.in.expect0.04
b36573198891c84210df8dfa7a92cc3ed6163d1ccbd93a28546b3ab3c2318a11 *../specsum-testdata/dirlevel1/dirlevel2/NNNNNNNNNNNNN
b36573198891c84210df8dfa7a92cc3ed6163d1ccbd93a28546b3ab3c2318a11 *../specsum-testdata/dirlevel1/dirlevel2a/NNNNNNNNNNNNNN
b38151f3a09b01fa55ef5ba62fe8d048e2dcc7987553ce0cef3fb796067c5ffd *../specsum-testdata/dirlevel1/dirlevel2/PPPPPPPPPPPPPPP
b38151f3a09b01fa55ef5ba62fe8d048e2dcc7987553ce0cef3fb796067c5ffd *../specsum-testdata/dirlevel1/dirlevel2a/PPPPPPPPPPPPPPPP
b3a8c40d7d90af22675f40959f54edfc7963af98d06e7bb66f53585447c35adb *../specsum-testdata/test-specsha256sum.in.expect1.13
b3c788b8f360f7862a91dbdf1394bfdef42c9ce6aedf58b4fe9beebe4746ed0a *../specsum-testdata/test-specmd5sum.out.05
b6b45c481a68209b44d4137188259016d07e630b1da904673e2bf9bdfade7a5d *../specsum-testdata/test-specmd5sum.extout.06
ba7816bf8f01cfea414140de5dae2223b00361a396177a9cb410ff61f20015ad *../specsum-testdata/test-specsum.in.02
bd3f250cd7943d8bde96a0fc5794e3ba1bc6a374a67152f7b4ce9535b9755a9b *../specsum-testdata/test-specsha256sum.out.01
be38de1b225aa11a9776a5257c87f25b8124851b48c4e9c17b98554f7892507c *../specsum-testdata/test-specmd5sum.extout.08
bf500dd451346d2209e10352cae0e839780a0879511399ecc7c19fa6481a36cc *../specsum-testdata/dirlevel1/dirlevel2a/ffffffffffffffffffffffffffffffffffffff
bf500dd451346d2209e10352cae0e839780a0879511399ecc7c19fa6481a36cc *../specsum-testdata/dirlevel1/fffffffffffffffffffffffffffffffffffff
bfb4e0f9eef035ba9083d414dee2e5f6894484bdf7600409147260582e730b58 *../specsum-testdata/test-specmd5sum.in.expect1.01
c02d45c2afa22c539d473feddb35b2b91c6c0fd59eb3643748012d9d85b712cb *../specsum-testdata/test-specsha512sum.out.expect1.08
c168008aa6bab07c6ddb9d9ee1f4ececf056c7ba5eecb40ff7f6662ad831b7fa *../specsum-testdata/dirlevel1/aaaaaaaaaaaaaaaaaaaaaaaaaaaaaaaa
c168008aa6bab07c6ddb9d9ee1f4ececf056c7ba5eecb40ff7f6662ad831b7fa *../specsum-testdata/dirlevel1/dirlevel2a/aaaaaaaaaaaaaaaaaaaaaaaaaaaaaaaaa
c26c21d0117bae85a29f8e7382c3e330cca768b6ef120df1327c776527731b2b *../specsum-testdata/test-specmd5sum.in.expect1.14
c474cc1c600119fdb052a24ae1a2c7d5a39c6fa52b8205b0250ff70bc8224ed9 *../specsum-testdata/test-specsha256sum.out.06
c601cecd168f2b08cf455672d22593b9bed2c9a0ac983d6fa9c92ec20d3d3b6f *../specsum-testdata/dirlevel1/bbbbbbbbbbbbbbbbbbbbbbbbbbbbbbbbb
c601cecd168f2b08cf455672d22593b9bed2c9a0ac983d6fa9c92ec20d3d3b6f *../specsum-testdata/dirlevel1/dirlevel2a/bbbbbbbbbbbbbbbbbbbbbbbbbbbbbbbbbb
c8bfcf0ae79fff134791f4c9d3c3c3f1057ef7f4ec6e56922b3ad9a7027daf95 *../specsum-testdata/test-specsha512sum.extout.07
c8c7aad88118e79db2d15b93b3dc8c90b012bdeeed5c51492000c3a036a4df79 *../specsum-testdata/dirlevel1/dirlevel2/B
c8c7aad88118e79db2d15b93b3dc8c90b012bdeeed5c51492000c3a036a4df79 *../specsum-testdata/dirlevel1/dirlevel2a/BB
cb266b0ffba7afd8dc590570c4c22f955c0c36d8ff96342e50c0cbfb778b49af *../specsum-testdata/test-specmd5sum.in.expect1.03
cc1c2e14f4a24ee23a937e25082fcfe0b9e48aea3e6d3c58714b7c4b4c44337f *../specsum-testdata/test-specsha512sum.out.09
cdc76e5c9914fb9281a1c7e284d73e67f1809a48a497200e046d39ccc7112cd0 *../specsum-testdata/test-specsum.in.09
ce03d1994a1963905a688d9cfd78f1c4475ba6c9fb3dc3320c8c51ef61db4273 *../specsum-testdata/test-specsha256sum.out.04
cf5b16a778af8380036ce59e7b0492370b249b11e8f07a51afac45037afee9d1 *../specsum-testdata/test-specsum.in.08
cf8db46a895d89d8bb4e25c4ca70f9058cc69b62fe976b0ca7cfdc9874ec498e *../specsum-testdata/test-specmd5sum.in.expect1.08
d11bf28411698b16ef626442956d7ded506abf11e8a1f051d077032d63b7a369 *../specsum-testdata/test-specsha512sum.in.expect1.03
d2cdf23383d8da6fa4529d56c618e231536386470c33c588033eb7cd84bc99dd *../specsum-testdata/test-specmd5sum.in.expect1.07
d55ef245ff74af8896a78322e27967d5a995f8443d2daf9b767739628c073032 *../specsum-testdata/test-specmd5sum.out.expect1.05
d5b56ccb241bf78bd2ceb2936b848a8e724094f3bdc494c8bfce972912c6cb7a *../specsum-testdata/test-specsha256sum.in.expect1.11
da7564833bbc8e2a841f71eb1158c3db272fa102c58df0a15b7f255e69bc421d *../specsum-testdata/test-specsha256sum.in.expect1.15
db220c0c7cd1ac2097d65185533a3e14fc6b17d48596c8b59d23fca10e98de35 *../specsum-testdata/test-specsha256sum.out.expect1.07
db4bfcbd4da0cd85a60c3c37d3fbd8805c77f15fc6b1fdfe614ee0a7c8fdb4c0 *../specsum-testdata/test-specsum.in.05
df0f7cd2c65db0c7461ef954c3845b775a0e3f82e3c8bcce8470b6fc47cc77d2 *../specsum-testdata/test-specsha512sum.in.expect1.08
df765d92ece6d790c8c2cb50a6beec9d8ce176a40d4d840b616ba523077a3c4d *../specsum-testdata/test-specmd5sum.in.expect1.11
e03b7e9a0d43571db46be7d7e9a6b02d6ce60e649a661a6ba4301eb5ed99a22d *../specsum-testdata/test-specmd5sum.extout.09
e0d844bb1cf7155d764828bfe28908f4171c3b1412f44845ac2282813c3de832 *../specsum-testdata/dirlevel1/dirlevel2a/sssssssssssssssssssssssssssssssssssssssssssssssssss
e0d844bb1cf7155d764828bfe28908f4171c3b1412f44845ac2282813c3de832 *../specsum-testdata/dirlevel1/ssssssssssssssssssssssssssssssssssssssssssssssssss
e175f38357562e4586c4afca5d61b3bdf61f5a8a7d61e7249a46165ba1b86801 *../specsum-testdata/test-specsha256sum.out.expect1.01
e175f38357562e4586c4afca5d61b3bdf61f5a8a7d61e7249a46165ba1b86801 *../specsum-testdata/test-specsha256sum.out.expect1.02
e21b7161074cf7599f464244783b55e2571cd946d863157e02b294d786166b73 *../specsum-testdata/test-specsha512sum.in.expect0.12
e29c62cf5bd0dbc9fafc6b1c94295e2f36e0522d564206e66a6b3e275464f0f4 *../specsum-testdata/dirlevel1/dirlevel2a/ooooooooooooooooooooooooooooooooooooooooooooooo
e29c62cf5bd0dbc9fafc6b1c94295e2f36e0522d564206e66a6b3e275464f0f4 *../specsum-testdata/dirlevel1/oooooooooooooooooooooooooooooooooooooooooooooo
e31b7d6dd6d705e69ef1c888ada0a3192c660a43d34bb0684d9804c9a34f624b *../specsum-testdata/dirlevel1/dirlevel2/JJJJJJJJJ
e31b7d6dd6d705e69ef1c888ada0a3192c660a43d34bb0684d9804c9a34f624b *../specsum-testdata/dirlevel1/dirlevel2a/JJJJJJJJJJ
e3b0c44298fc1c149afbf4c8996fb92427ae41e4649b934ca495991b7852b855 *../specsum-testdata/dirlevel1/dirlevel2/dirlevel3/empty
e3b0c44298fc1c149afbf4c8996fb92427ae41e4649b934ca495991b7852b855 *../specsum-testdata/test-specmd5sum.out.expect0.04
e3b0c44298fc1c149afbf4c8996fb92427ae41e4649b934ca495991b7852b855 *../specsum-testdata/test-specmd5sum.out.expect1.03
e3b0c44298fc1c149afbf4c8996fb92427ae41e4649b934ca495991b7852b855 *../specsum-testdata/test-specmd5sum.out.expect1.10
e3b0c44298fc1c149afbf4c8996fb92427ae41e4649b934ca495991b7852b855 *../specsum-testdata/test-specmd5sum.out.expect1.13
e3b0c44298fc1c149afbf4c8996fb92427ae41e4649b934ca495991b7852b855 *../specsum-testdata/test-specsha256sum.out.expect0.04
e3b0c44298fc1c149afbf4c8996fb92427ae41e4649b934ca495991b7852b855 *../specsum-testdata/test-specsha256sum.out.expect1.03
e3b0c44298fc1c149afbf4c8996fb92427ae41e4649b934ca495991b7852b855 *../specsum-testdata/test-specsha256sum.out.expect1.10
e3b0c44298fc1c149afbf4c8996fb92427ae41e4649b934ca495991b7852b855 *../specsum-testdata/test-specsha256sum.out.expect1.13
e3b0c44298fc1c149afbf4c8996fb92427ae41e4649b934ca495991b7852b855 *../specsum-testdata/test-specsha512sum.out.expect0.04
e3b0c44298fc1c149afbf4c8996fb92427ae41e4649b934ca495991b7852b855 *../specsum-testdata/test-specsha512sum.out.expect1.03
e3b0c44298fc1c149afbf4c8996fb92427ae41e4649b934ca495991b7852b855 *../specsum-testdata/test-specsha512sum.out.expect1.10
e3b0c44298fc1c149afbf4c8996fb92427ae41e4649b934ca495991b7852b855 *../specsum-testdata/test-specsha512sum.out.expect1.13
e3b0c44298fc1c149afbf4c8996fb92427ae41e4649b934ca495991b7852b855 *../specsum-testdata/test-specsum.in.01
e4420e7bcf89c050976fd5571280434c4b954567d5b36732718e23b0d97f8cde *../specsum-testdata/test-specmd5sum.extout.03
e530eac03f8a1f830b200fab693ae20acfc8c2422b014befb5628ce5433e5f7f *../specsum-testdata/dirlevel1/dirlevel2a/wwwwwwwwwwwwwwwwwwwwwwwwwwwwwwwwwwwwwwwwwwwwwwwwwwwwwww
e530eac03f8a1f830b200fab693ae20acfc8c2422b014befb5628ce5433e5f7f *../specsum-testdata/dirlevel1/wwwwwwwwwwwwwwwwwwwwwwwwwwwwwwwwwwwwwwwwwwwwwwwwwwwwww
e57fbd72b6f6311c0c430e17dfc2044cb975aa80b0e29e034d2c04ca901a3d7d *../specsum-testdata/test-specsha256sum.in.expect1.02
e658813968b87321b9f4230f8dbd61e56c81d2dcdef8c827d98cba75d1c1cf28 *../specsum-testdata/test-specsha256sum.out.expect1.08
e7cfe6f398845831aa71099498734b7f7c33d969eee017db3f2d5666571072c1 *../specsum-testdata/test-specmd5sum.out.03
e7e9d0d3b27b1b78d689b8b0fefce2ab2722f70c77d693f75b862e3827872d51 *../specsum-testdata/test-specsha512sum.out.08
e84e8427353951deb1edff59669ec50ed02d39f2cdc18a6441a80eb6530aeab0 *../specsum-testdata/test-specsha512sum.extout.09
f371bc4a311f2b009eef952dd83ca80e2b60026c8e935592d0f9c308453c813e *../specsum-testdata/test-specsum.in.06
f5612e1f6ae4506aa57175aacf65951e4fa0d5595599ca49c08ede2d24a41335 *../specsum-testdata/test-specsha512sum.in.expect1.11
f7846f55cf23e14eebeab5b4e1550cad5b509e3348fbc4efa3a1413d393cb650 *../specsum-testdata/test-specsum.in.03
f8fbc91ca48b395df2e0b92074204ef2f74cc79ab471b805ac674772c7945f1f *../specsum-testdata/test-specsha512sum.out.03
fd2f07b8800bcadd64f425dfc99cd4cc96c5d438cb1f15d45d9dec77dd421e8c *../specsum-testdata/test-specsha256sum.out.05
fdb7f7ddb495f36f43567e6f89a863aa25b713f7bab8c668eb0952df8940f491 *../specsum-testdata/test-specsha256sum.out.03
fdba27e54e26867ae49671568a2ef56246479c9980a3680a0c61417193168ec2 *../specsum-testdata/test-specmd5sum.in.expect0.09
ff423103d1f0bfb122cc6f7efe03d90c49f88cef514f044a6b0013c7a38eba54 *../specsum-testdata/test-specmd5sum.out.04
